// Jest Snapshot v1, https://goo.gl/fbAQLP

exports[`GuestNavigation component should renders a snapshot of the guestNavigation component 1`] = `
<ul
  className="navbar-nav ml-auto"
>
  <li
    className="nav-item mr-4"
  >
    <a
      className="nav-link"
      href="/"
    >
      Home
    </a>
  </li>
  <form
    className="form-inline mr-3"
  >
    <i
      className="mdi mdi-magnify mdi-24px mr-2 d-none d-md-block"
    />
    <input
      aria-label="Search"
      className="form-control mr-sm-2 border-0"
      placeholder="Search..."
      type="search"
    />
  </form>
  <li
    className="nav-item nav-btn mr-4"
    id="login"
  >
    <Link
      className="nav-link login-link"
      onClick={[MockFunction]}
      replace={false}
      to="#"
    >
      Login
    </Link>
    <Connect(Modal)
      modal={Object {}}
    />
  </li>
  <li
    className="nav-item nav-btn"
    id="signup"
  >
    <Link
      className="nav-link register-link"
      onClick={[MockFunction]}
      replace={false}
      to="#"
    >
      Register
    </Link>
    <Connect(Modal)
      modal={Object {}}
    />
  </li>
</ul>
`;
