// Jest Snapshot v1, https://goo.gl/fbAQLP

exports[`LandingPage component should render a snapshot of the userNavigation component 1`] = `
<div
  className="col-12 col-md-7 col-lg-7"
>
  <h2
    className="section-title"
  >
    FEATURED POSTS
  </h2>
  <FeaturedArticle
    active={0}
    author={
      Object {
        "firstname": null,
        "lastname": null,
        "username": "faksam",
      }
    }
    category="Self"
    date="2018-10-20T12:21:33.812Z"
    description="all our problems"
    key="23"
    readTime="1 min read"
    slug="nobody-taught-you"
    title="nobody taught you"
  />
</div>
`;
