// Jest Snapshot v1, https://goo.gl/fbAQLP

exports[`FeaturedAuthorPost component should render a snapshot of the FeaturedAuthorPost component 1`] = `
<div
  className="featured-author-post mb-3"
>
  <div
    className="author-post"
  >
    <Link
      className="post-title"
      replace={false}
      to="/articles/undefined"
    >
      My Broken Mother, My Broken Heart
    </Link>
    <p
      className="mt-3"
    >
      <small
        className="text-muted font-italic"
      >
        1 min read
      </small>
    </p>
  </div>
</div>
`;
