// Jest Snapshot v1, https://goo.gl/fbAQLP

exports[`FeaturedAuthor component should render a snapshot of the FeaturedAuthor component 1`] = `
<div>
  <h2
    className="section-title"
  >
    FEATURED AUTHOR
  </h2>
  <div
    className="card shadow-lg border-0 mb-5 featured-author"
  >
    <div
      className="d-flex ml-3 mt-4"
    >
      <img
        alt=""
        className="img-fluid featured-author-image rounded-circle"
        src="https://image.ibb.co/i48Wqf/paceholder.jpg"
      />
      <div
        className="author-detail ml-5 mt-3"
      >
        <p
          className="author mb-1"
        >
          faksam
        </p>
        <button
          className="btn btn-follow"
          type="button"
        >
          Follow
        </button>
      </div>
    </div>
    <div
      className="mx-4 mt-5"
    >
      <FeaturedAuthorPost
        key="23"
        readTime="1 min read"
        slug="the-most-important-skill-nobody-taught-you"
        title="The most important skill nobody taught you"
      />
    </div>
  </div>
</div>
`;
