// Jest Snapshot v1, https://goo.gl/fbAQLP

exports[`Read Article component Display loading if no article 1`] = `
<div
  className="read-article my-5"
>
  <div
    className="row"
  >
    <Loading />
  </div>
</div>
`;

exports[`Read Article component should render Article page correctly 1`] = `undefined`;
