// Jest Snapshot v1, https://goo.gl/fbAQLP

exports[`CommentReplyRow Component should render without throwing an error 1`] = `
<div>
  <hr />
  <div
    className="row comment-reply-row"
  >
    <div
      className="col-2"
    >
      <img
        alt="user-thumbnail"
        className="rounded-circle float-left img img-fluid-comment"
        src={Object {}}
      />
    </div>
    <div
      className="col-10"
    >
      <div
        className="comment-body"
      >
        <p
          id="username"
        >
          <strong>
            joeeasy
          </strong>
          <span
            className="comment-span"
            id="timestamp"
          >
            -  
            3 years ago
          </span>
        </p>
        <p>
          This article is hot
        </p>
        <p
          className="comment-span"
        >
           
          <i
            className="mdi mdi-thumb-up-outline mr-3 align-top"
          >
            <span
              className="likes-num"
            >
               30
            </span>
          </i>
        </p>
      </div>
    </div>
    <div
      className="pull-right"
    />
    <br />
  </div>
</div>
`;
